-0.2 -0.19 0.01 0.7808984772055907
-0.19 -0.1875895097497193 0.0024104902502807 0.7974739886174108
-0.1875895097497193 -0.19159757992831575 -0.004008070178596446 0.8048471540658013
-0.19159757992831575 -0.19455271491912068 -0.0029551349908049362 0.8037232041097389
-0.19455271491912068 -0.1961279301993288 -0.0015752152802081254 0.8020410181665258
-0.1961279301993288 -0.19673390307963415 -0.0006059728803053388 0.8007992067700062
-0.19673390307963415 -0.1968579477617935 -0.0001240446821593466 0.8001655063759472
-0.1968579477617935 -0.19679852638799267 5.942137380082757e-05 0.7999202078814392
-0.19679852638799267 -0.19670938843542524 8.913795256743073e-05 0.7998798712688346
-0.19670938843542524 -0.19663937810647572 7.001032894951575e-05 0.7999054742691859
-0.19663937810647572 -0.19659346719041537 4.5910916060348805e-05 0.7999379703005591
-0.19659346719041537 -0.1965641161468941 2.9351043521280706e-05 0.7999603489198629
-0.1965641161468941 -0.19655117947118397 1.2936675710117918e-05 0.7999825222998092
-0.19655117947118397 -0.1965460736553733 5.1058158106742635e-06 0.7999931021719201
-0.1965460736553733 -0.19654446877970164 1.6048756716624535e-06 0.799997831942475
-0.19654446877970164 -0.19654419479780225 2.7398189939020767e-07 0.7999996298870216
-0.19654419479780225 -0.1965443803987091 -1.8560090686570163e-07 0.8000002507165683
-0.1965443803987091 -0.19654461685438182 -2.364556727085798e-07 0.8000003194084985
-0.19654461685438182 -0.1965448052825889 -1.8842820709297214e-07 0.8000002545303722
-0.1965448052825889 -0.1965449220651851 -1.1678259617675657e-07 0.8000001577503001
-0.1965449220651851 -0.19654499014371327 -6.807852817591886e-08 0.8000000919606147
-0.19654499014371327 -0.19654502683069794 -3.6686984672407164e-08 0.8000000495568278
-0.19654502683069794 -0.19654504435615652 -1.752545858435539e-08 0.8000000236734087
-0.19654504435615652 -0.1965450517040781 -7.347921576750238e-09 0.800000009925582
-0.1965450517040781 -0.19654505384590107 -2.141822968981799e-09 0.8000000028931753
-0.19654505384590107 -0.19654505433673564 -4.908345674348169e-10 0.8000000006630199
